Microchip MPLAB XC8 Compiler V2.46

Linker command line:

-W-3 \
  --edf=C:\Program Files\Microchip\xc8\v2.46\pic\dat\20240104201356_en.msgs \
  -cn -h+dist/default/debug\BalanceBot_New.X.debug.sym \
  --cmf=dist/default/debug\BalanceBot_New.X.debug.cmf -z -Q18F4550 \
  -oC:\Users\AHMADM~1\AppData\Local\Temp\xcAsgrg.\driver_tmp_3.o \
  --defsym=__MPLAB_BUILD=1 --fixupoverflow=error \
  -Mdist/default/debug/BalanceBot_New.X.debug.map \
  --md=C:\Users\AHMADM~1\AppData\Local\Temp\xcAsgrg.\driver_tmp_0.dat -E1 \
  -ver=XC8 Compiler --acfsm=1493 -ACODE=00h-07FFFh -ACONST=00h-07FFFh \
  -ASMALLCONST=0800h-08FFhx120 -AMEDIUMCONST=0800h-07FFFh -ACOMRAM=01h-05Fh \
  -AABS1=00h-07FFh -ABIGRAM=01h-07FFh -ARAM=060h-0FFh,0100h-01FFhx7 \
  -ABANK0=060h-0FFh -ABANK1=0100h-01FFh -ABANK2=0200h-02FFh \
  -ABANK3=0300h-03FFh -ABANK4=0400h-04FFh -ABANK5=0500h-05FFh \
  -ABANK6=0600h-06FFh -ABANK7=0700h-07FFh -ASFR=0F60h-0FFFh \
  -ABIGSFR=0F60h-0FFFh -ACONFIG=0300000h-030000Dh -AIDLOC=0200000h-0200007h \
  -AEEDATA=0F00000h-0F000FFh -peeprom_data=EEDATA \
  -preset_vec=00h,intcode,sivt_hi,intcodelo,sivt_lo,powerup,init \
  -pramtop=0800h -psmallconst=SMALLCONST -pmediumconst=MEDIUMCONST \
  -pconst=CONST -AFARRAM=00h-00h \
  -prdata=COMRAM,nvrram=COMRAM,nvbit=COMRAM,rbss=COMRAM,rbit=COMRAM \
  -pfarbss=FARRAM,fardata=FARRAM,nvFARRAM=FARRAM \
  -pintsave_regs=BIGRAM,bigbss=BIGRAM,bigdata=BIGRAM -pbss=RAM \
  -pidata=CODE,irdata=CODE,ibigdata=CODE,ifardata=CODE -prparam=COMRAM \
  C:\Users\AHMADM~1\AppData\Local\Temp\xcAsgrg.\driver_tmp_9.o \
  dist/default/debug\BalanceBot_New.X.debug.o 

Object code version is 3.11

Machine type is 18F4550



                Name                               Link     Load   Length Selector   Space Scale
C:\Users\AHMADM~1\AppData\Local\Temp\xcAsgrg.\driver_tmp_9.o
                idloc                            200000   200000        8        0       5
                config                           300000   300000        E        0       4
                init                                  0        0        4        0       0
dist/default/debug\BalanceBot_New.X.debug.o
                idloc                            200000   200000        8        0       5
                config                           300000   300000        E        0       4
                smallconst                          800      800       36      400       0
                text33                             31E8     31E8      104      41B       0
                text32                             145A     145A      42A      41B       0
                text31                              F9A      F9A      4C0      41B       0
                text30                             365C     365C       46      41B       0
                text29                             26E6     26E6      2DA      41B       0
                text28                             355C     355C       74      41B       0
                text27                             34C0     34C0       9C      41B       0
                text26                             3836     3836       16      41B       0
                text25                             37D6     37D6       26      41B       0
                text24                             388E     388E        8      41B       0
                text23                             381A     381A       1C      41B       0
                text22                             3874     3874       10      41B       0
                text21                             2F90     2F90      152      41B       0
                text20                             37FC     37FC       1E      41B       0
                text19                             30E2     30E2      106      41B       0
                text18                             370E     370E       34      41B       0
                text17                             1C62     1C62      39C      41B       0
                text16                             2BCE     2BCE      20E      41B       0
                text15                             3860     3860       14      41B       0
                text14                             384C     384C       14      41B       0
                text13                             3616     3616       46      41B       0
                text12                             2DDC     2DDC      1B4      41B       0
                text11                             36A2     36A2       38      41B       0
                text10                             32EC     32EC       FE      41B       0
                text9                              36DA     36DA       34      41B       0
                text8                               836      836      764      41B       0
                text7                              1884     1884      3DE      41B       0
                text6                              1FFE     1FFE      386      41B       0
                text5                              3774     3774       32      41B       0
                text4                              29C0     29C0      20E      41B       0
                text3                              2384     2384      362      41B       0
                text2                              3742     3742       32      41B       0
                text1                              3884     3884        A      41B       0
                text0                              33EA     33EA       D6      41B       0
                cstackCOMRAM                          1        1       5F        1       1
                cstackBANK0                          B2       B2       4B       60       1
                dataBANK1                           16C      16C       30      100       1
                bssBANK1                            100      100       6C      100       1
                bssBANK0                             60       60       52       60       1
                cinit                              35D0     35D0       46      41B       0
                idataBANK1                         37A6     37A6       30      41B       0

TOTAL           Name                               Link     Load   Length     Space
        CLASS   CODE           
                init                                  0        0        4         0
                text33                             31E8     31E8      104         0
                text32                             145A     145A      42A         0
                text31                              F9A      F9A      4C0         0
                text30                             365C     365C       46         0
                text29                             26E6     26E6      2DA         0
                text28                             355C     355C       74         0
                text27                             34C0     34C0       9C         0
                text26                             3836     3836       16         0
                text25                             37D6     37D6       26         0
                text24                             388E     388E        8         0
                text23                             381A     381A       1C         0
                text22                             3874     3874       10         0
                text21                             2F90     2F90      152         0
                text20                             37FC     37FC       1E         0
                text19                             30E2     30E2      106         0
                text18                             370E     370E       34         0
                text17                             1C62     1C62      39C         0
                text16                             2BCE     2BCE      20E         0
                text15                             3860     3860       14         0
                text14                             384C     384C       14         0
                text13                             3616     3616       46         0
                text12                             2DDC     2DDC      1B4         0
                text11                             36A2     36A2       38         0
                text10                             32EC     32EC       FE         0
                text9                              36DA     36DA       34         0
                text8                               836      836      764         0
                text7                              1884     1884      3DE         0
                text6                              1FFE     1FFE      386         0
                text5                              3774     3774       32         0
                text4                              29C0     29C0      20E         0
                text3                              2384     2384      362         0
                text2                              3742     3742       32         0
                text1                              3884     3884        A         0
                text0                              33EA     33EA       D6         0
                cinit                              35D0     35D0       46         0
                idataBANK1                         37A6     37A6       30         0

        CLASS   CONST          

        CLASS   SMALLCONST     
                smallconst                          800      800       36         0

        CLASS   MEDIUMCONST    

        CLASS   COMRAM         
                cstackCOMRAM                          1        1       5F         1

        CLASS   ABS1           

        CLASS   BIGRAM         

        CLASS   RAM            

        CLASS   BANK0          
                cstackBANK0                          B2       B2       4B         1
                bssBANK0                             60       60       52         1

        CLASS   BANK1          
                dataBANK1                           16C      16C       30         1
                bssBANK1                            100      100       6C         1

        CLASS   BANK2          

        CLASS   BANK3          

        CLASS   BANK4          

        CLASS   BANK5          

        CLASS   BANK6          

        CLASS   BANK7          

        CLASS   SFR            

        CLASS   BIGSFR         

        CLASS   CONFIG         
                config                           300000   300000        E         4

        CLASS   IDLOC          
                idloc                            200000   200000        8         5

        CLASS   EEDATA         

        CLASS   FARRAM         

        CLASS   HEAP           

        CLASS   STACK          



SEGMENTS        Name                           Load    Length   Top    Selector   Space  Class

                reset_vec                      000000  000004  000004         0       0  CODE    
                cstackCOMRAM                   000001  00005F  000060         1       1  COMRAM  
                bssBANK0                       000060  00009D  0000FD        60       1  BANK0   
                bssBANK1                       000100  00009C  00019C       100       1  BANK1   
                smallconst                     000800  000036  000836       400       0  SMALLCON
                text8                          000836  003060  003896       41B       0  CODE    


UNUSED ADDRESS RANGES

        Name                Unused          Largest block    Delta
        BANK0            0000FD-0000FF                3
        BANK1            00019C-0001FF               64
        BANK2            000200-0002FF              100
        BANK3            000300-0003FF              100
        BANK4            000400-0004FF              100
        BANK5            000500-0005FF              100
        BANK6            000600-0006FF              100
        BANK7            000700-0007FF              100
        BIGRAM           0000FD-0000FF                3
                         00019C-0007FF              664
        BIGSFR           000F60-000FFF               A0
        CODE             000004-0007FF              7FC
                         003896-007FFF             476A
        CONST            000004-0007FF              7FC
                         003896-007FFF             476A
        EEDATA           F00000-F000FF              100
        MEDIUMCONST      003896-007FFF             476A
        RAM              0000FD-0000FF                3
                         00019C-0007FF              100
        SFR              000F60-000FFF               A0
        SMALLCONST       003896-007FFF              100

                                  Symbol Table

?_ArmBalancePID                      cstackCOMRAM 000032
?_ArmMPU6050_Read                    cstackBANK0  0000E9
?_WheelMPU6050_Read                  cstackBANK0  0000E9
?___fladd                            cstackCOMRAM 00001A
?___fldiv                            cstackCOMRAM 00004F
?___flmul                            cstackCOMRAM 000001
?___flneg                            cstackCOMRAM 000001
?___flsub                            cstackCOMRAM 00002A
?___fltol                            cstackCOMRAM 000001
?___fpclassifyf                      cstackCOMRAM 000001
?___lwdiv                            cstackCOMRAM 000001
?___xxtofl                           cstackCOMRAM 000001
?_abs                                cstackCOMRAM 00000B
?_atanf                              cstackCOMRAM 00005B
?_fabsf                              cstackCOMRAM 000001
?_sqrtf                              cstackCOMRAM 00002A
ArmBalancePID@InputAngle             cstackCOMRAM 000032
ArmKalmanFilter@armKalmanInput       cstackBANK0  0000C7
ArmKalmanFilter@armKalmanMeasurement cstackBANK0  0000CB
ArmKalmanFilter@armKalmanState       cstackBANK0  0000BF
ArmKalmanFilter@armKalmanUncertainty cstackBANK0  0000C3
ArmMotor@direction                   cstackCOMRAM 00000D
ArmMotor@frequency                   cstackCOMRAM 00000B
ArmMotor@i                           cstackCOMRAM 000010
ArmMotor@k                           cstackCOMRAM 00000E
ArmMotor@steps                       cstackCOMRAM 000008
I2C_Master_Write@data                cstackCOMRAM 000002
I2C_Read@ACK_NACK                    cstackCOMRAM 000001
I2C_Read@Data                        cstackCOMRAM 000002
I2C_Start@add                        cstackCOMRAM 000003
WheelKalmanFilter@KalmanInput        cstackBANK0  0000C7
WheelKalmanFilter@KalmanMeasurement  cstackBANK0  0000CB
WheelKalmanFilter@KalmanState        cstackBANK0  0000BF
WheelKalmanFilter@KalmanUncertainty  cstackBANK0  0000C3
_ACKDT                               (abs)        007E2D
_ACKEN                               (abs)        007E2C
_ACKSTAT                             (abs)        007E2E
_AX                                  bssBANK1     00013C
_AY                                  bssBANK0     00007C
_AZ                                  bssBANK0     000078
_AngleError                          bssBANK0     00009C
_ArmBalancePID                       text29       0026E6
_ArmBalancePID$1552                  cstackCOMRAM 000036
_ArmBalancePID$1553                  cstackCOMRAM 00003A
_ArmKalmanFilter                     text16       002BCE
_ArmKalmanFilter$1559                cstackCOMRAM 00005B
_ArmMPU6050_Read                     text6        001FFE
_ArmMPU6050_Read$1560                cstackBANK0  0000F1
_ArmMPU6050_Read$1561                cstackBANK0  0000F5
_ArmMotor                            text27       0034C0
_Ax                                  bssBANK0     0000B0
_Ay                                  bssBANK0     0000AE
_Az                                  bssBANK0     0000AC
_BAUDCONbits                         (abs)        000FB8
_BF                                  (abs)        007E38
_CurrentArmAngle                     bssBANK1     000164
_CurrentWheelAngle                   bssBANK1     000168
_DesiredAngle                        bssBANK1     000160
_Dterm                               bssBANK1     000154
_GX                                  bssBANK1     000138
_Gx                                  bssBANK0     0000AA
_I2C_ACK                             text15       003860
_I2C_Master_Init                     text26       003836
_I2C_Master_Stop                     text24       00388E
_I2C_Master_Wait                     text25       0037D6
_I2C_Master_Write                    text23       00381A
_I2C_NACK                            text14       00384C
_I2C_Read                            text13       003616
_I2C_Start                           text22       003874
_IPR1bits                            (abs)        000F9F
_Iterm                               bssBANK0     000094
_KD                                  dataBANK1    00018C
_KI                                  dataBANK1    000190
_KP                                  dataBANK1    000194
_KalmanAngle                         bssBANK0     000074
_KalmanGain                          bssBANK0     000070
_KalmanOutput                        bssBANK1     000108
_KalmanUncertaintyAngle              dataBANK1    000178
_LATBbits                            (abs)        000F8A
_LATCbits                            (abs)        000F8B
_LATDbits                            (abs)        000F8C
_MPU6050_Init                        text21       002F90
_Max                                 dataBANK1    000198
_OSCCONbits                          (abs)        000FD3
_PEN                                 (abs)        007E2A
_PID_U                               bssBANK0     000090
_PIE1bits                            (abs)        000F9D
_PrevAngleError                      bssBANK0     000098
_PrevIterm                           bssBANK1     00015C
_Pterm                               bssBANK1     000158
_RCEN                                (abs)        007E2B
_RCSTAbits                           (abs)        000FAB
_RSEN                                (abs)        007E29
_SEN                                 (abs)        007E28
_SPBRG                               (abs)        000FAF
_SPBRGH                              (abs)        000FB0
_SSPADD                              (abs)        000FC8
_SSPBUF                              (abs)        000FC9
_SSPCON1                             (abs)        000FC6
_SSPCON2                             (abs)        000FC5
_SSPIF                               (abs)        007CF3
_SSPSTAT                             (abs)        000FC7
_TRISB0                              (abs)        007C98
_TRISB1                              (abs)        007C99
_TRISBbits                           (abs)        000F93
_TRISCbits                           (abs)        000F94
_TRISDbits                           (abs)        000F95
_TRMT                                (abs)        007D61
_TXREG                               (abs)        000FAD
_TXSTAbits                           (abs)        000FAC
_UART_TX_Init                        text20       0037FC
_WheelKalmanFilter                   text4        0029C0
_WheelKalmanFilter$1556              cstackCOMRAM 00005B
_WheelMPU6050_Read                   text3        002384
_WheelMPU6050_Read$1557              cstackBANK0  0000F1
_WheelMPU6050_Read$1558              cstackBANK0  0000F5
__HRAM                               (abs)        000000
__H__absolute__                      __absolute__ 000000
__Habs1                              abs1         000000
__Hbank0                             bank0        000000
__Hbank1                             bank1        000000
__Hbank2                             bank2        000000
__Hbank3                             bank3        000000
__Hbank4                             bank4        000000
__Hbank5                             bank5        000000
__Hbank6                             bank6        000000
__Hbank7                             bank7        000000
__Hbigbss                            bigbss       000000
__Hbigdata                           bigdata      000000
__Hbigram                            bigram       000000
__Hbigsfr                            bigsfr       000000
__Hbss                               bss          000000
__HbssBANK0                          bssBANK0     000000
__HbssBANK1                          bssBANK1     000000
__Hcinit                             cinit        000000
__Hclrtext                           clrtext      000000
__Hcomram                            comram       000000
__Hconfig                            config       30000E
__Hconst                             const        000000
__HcstackBANK0                       cstackBANK0  000000
__HcstackCOMRAM                      cstackCOMRAM 000000
__Hdata                              data         000000
__HdataBANK1                         dataBANK1    000000
__Heeprom_data                       eeprom_data  000000
__Hfarbss                            farbss       000000
__Hfardata                           fardata      000000
__Hheap                              heap         000000
__Hibigdata                          ibigdata     000000
__Hidata                             idata        000000
__HidataBANK1                        idataBANK1   000000
__Hidloc                             idloc        200008
__Hifardata                          ifardata     000000
__Hinit                              init         000004
__Hintcode                           intcode      000000
__Hintcode_body                      intcode_body 000000
__Hintcodelo                         intcodelo    000000
__Hintentry                          intentry     000000
__Hintret                            intret       000000
__Hintsave_regs                      intsave_regs 000000
__Hirdata                            irdata       000000
__Hmediumconst                       mediumconst  000000
__HnvFARRAM                          nvFARRAM     000000
__Hnvbit                             nvbit        000000
__Hnvrram                            nvrram       000000
__Hparam                             rparam       000000
__Hpowerup                           powerup      000000
__Hram                               ram          000000
__Hramtop                            ramtop       000800
__Hrbit                              rbit         000000
__Hrbss                              rbss         000000
__Hrdata                             rdata        000000
__Hreset_vec                         reset_vec    000000
__Hrparam                            rparam       000000
__Hsfr                               sfr          000000
__Hsivt_hi                           sivt_hi      000000
__Hsivt_lo                           sivt_lo      000000
__Hsmallconst                        smallconst   000836
__Hspace_0                           (abs)        003896
__Hspace_1                           (abs)        00019C
__Hspace_2                           (abs)        000000
__Hspace_4                           (abs)        60000E
__Hstack                             stack        000000
__Hstruct                            struct       000000
__Htemp                              temp         000000
__Htext                              text         000000
__Htext0                             text0        000000
__Htext1                             text1        000000
__Htext10                            text10       000000
__Htext11                            text11       000000
__Htext12                            text12       000000
__Htext13                            text13       000000
__Htext14                            text14       000000
__Htext15                            text15       000000
__Htext16                            text16       000000
__Htext17                            text17       000000
__Htext18                            text18       000000
__Htext19                            text19       000000
__Htext2                             text2        000000
__Htext20                            text20       000000
__Htext21                            text21       000000
__Htext22                            text22       000000
__Htext23                            text23       000000
__Htext24                            text24       000000
__Htext25                            text25       000000
__Htext26                            text26       000000
__Htext27                            text27       000000
__Htext28                            text28       000000
__Htext29                            text29       000000
__Htext3                             text3        000000
__Htext30                            text30       000000
__Htext31                            text31       000000
__Htext32                            text32       000000
__Htext33                            text33       000000
__Htext4                             text4        000000
__Htext5                             text5        000000
__Htext6                             text6        000000
__Htext7                             text7        000000
__Htext8                             text8        000000
__Htext9                             text9        000000
__LRAM                               (abs)        000001
__L__absolute__                      __absolute__ 000000
__Labs1                              abs1         000000
__Lbank0                             bank0        000000
__Lbank1                             bank1        000000
__Lbank2                             bank2        000000
__Lbank3                             bank3        000000
__Lbank4                             bank4        000000
__Lbank5                             bank5        000000
__Lbank6                             bank6        000000
__Lbank7                             bank7        000000
__Lbigbss                            bigbss       000000
__Lbigdata                           bigdata      000000
__Lbigram                            bigram       000000
__Lbigsfr                            bigsfr       000000
__Lbss                               bss          000000
__LbssBANK0                          bssBANK0     000000
__LbssBANK1                          bssBANK1     000000
__Lcinit                             cinit        000000
__Lclrtext                           clrtext      000000
__Lcomram                            comram       000000
__Lconfig                            config       000000
__Lconst                             const        000000
__LcstackBANK0                       cstackBANK0  000000
__LcstackCOMRAM                      cstackCOMRAM 000000
__Ldata                              data         000000
__LdataBANK1                         dataBANK1    000000
__Leeprom_data                       eeprom_data  000000
__Lfarbss                            farbss       000000
__Lfardata                           fardata      000000
__Lheap                              heap         000000
__Libigdata                          ibigdata     000000
__Lidata                             idata        000000
__LidataBANK1                        idataBANK1   000000
__Lidloc                             idloc        000000
__Lifardata                          ifardata     000000
__Linit                              init         000000
__Lintcode                           intcode      000000
__Lintcode_body                      intcode_body 000000
__Lintcodelo                         intcodelo    000000
__Lintentry                          intentry     000000
__Lintret                            intret       000000
__Lintsave_regs                      intsave_regs 000000
__Lirdata                            irdata       000000
__Lmediumconst                       mediumconst  000000
__LnvFARRAM                          nvFARRAM     000000
__Lnvbit                             nvbit        000000
__Lnvrram                            nvrram       000000
__Lparam                             rparam       000000
__Lpowerup                           powerup      000000
__Lram                               ram          000000
__Lramtop                            ramtop       000800
__Lrbit                              rbit         000000
__Lrbss                              rbss         000000
__Lrdata                             rdata        000000
__Lreset_vec                         reset_vec    000000
__Lrparam                            rparam       000000
__Lsfr                               sfr          000000
__Lsivt_hi                           sivt_hi      000000
__Lsivt_lo                           sivt_lo      000000
__Lsmallconst                        smallconst   000800
__Lspace_0                           (abs)        000000
__Lspace_1                           (abs)        000000
__Lspace_2                           (abs)        000000
__Lspace_4                           (abs)        000000
__Lstack                             stack        000000
__Lstruct                            struct       000000
__Ltemp                              temp         000000
__Ltext                              text         000000
__Ltext0                             text0        000000
__Ltext1                             text1        000000
__Ltext10                            text10       000000
__Ltext11                            text11       000000
__Ltext12                            text12       000000
__Ltext13                            text13       000000
__Ltext14                            text14       000000
__Ltext15                            text15       000000
__Ltext16                            text16       000000
__Ltext17                            text17       000000
__Ltext18                            text18       000000
__Ltext19                            text19       000000
__Ltext2                             text2        000000
__Ltext20                            text20       000000
__Ltext21                            text21       000000
__Ltext22                            text22       000000
__Ltext23                            text23       000000
__Ltext24                            text24       000000
__Ltext25                            text25       000000
__Ltext26                            text26       000000
__Ltext27                            text27       000000
__Ltext28                            text28       000000
__Ltext29                            text29       000000
__Ltext3                             text3        000000
__Ltext30                            text30       000000
__Ltext31                            text31       000000
__Ltext32                            text32       000000
__Ltext33                            text33       000000
__Ltext4                             text4        000000
__Ltext5                             text5        000000
__Ltext6                             text6        000000
__Ltext7                             text7        000000
__Ltext8                             text8        000000
__Ltext9                             text9        000000
__S0                                 (abs)        003896
__S1                                 (abs)        00019C
__S4                                 (abs)        000000
__S5                                 (abs)        000000
___fladd                             text31       000F9A
___fladd@a                           cstackCOMRAM 00001E
___fladd@aexp                        cstackCOMRAM 000027
___fladd@b                           cstackCOMRAM 00001A
___fladd@bexp                        cstackCOMRAM 000028
___fladd@grs                         cstackCOMRAM 000029
___fladd@signs                       cstackCOMRAM 000026
___fldiv                             text17       001C62
___fldiv@a                           cstackCOMRAM 000053
___fldiv@aexp                        cstackBANK0  0000BE
___fldiv@b                           cstackCOMRAM 00004F
___fldiv@bexp                        cstackBANK0  0000BD
___fldiv@grs                         cstackBANK0  0000B9
___fldiv@new_exp                     cstackBANK0  0000B7
___fldiv@rem                         cstackBANK0  0000B2
___fldiv@sign                        cstackBANK0  0000B6
___flge                              text33       0031E8
___flge@ff1                          cstackCOMRAM 000001
___flge@ff2                          cstackCOMRAM 000005
___flmul                             text32       00145A
___flmul@a                           cstackCOMRAM 000005
___flmul@aexp                        cstackCOMRAM 000012
___flmul@b                           cstackCOMRAM 000001
___flmul@bexp                        cstackCOMRAM 000013
___flmul@grs                         cstackCOMRAM 00000E
___flmul@prod                        cstackCOMRAM 000014
___flmul@sign                        cstackCOMRAM 00000D
___flmul@temp                        cstackCOMRAM 000018
___flneg                             text11       0036A2
___flneg@f1                          cstackCOMRAM 000001
___flsub                             text30       00365C
___flsub@a                           cstackCOMRAM 00002E
___flsub@b                           cstackCOMRAM 00002A
___fltol                             text19       0030E2
___fltol@exp1                        cstackCOMRAM 00000A
___fltol@f1                          cstackCOMRAM 000001
___fltol@sign1                       cstackCOMRAM 000009
___fpclassifyf                       text10       0032EC
___fpclassifyf@F465                  bssBANK1     000114
___fpclassifyf@e                     cstackCOMRAM 000009
___fpclassifyf@u                     cstackCOMRAM 00000B
___fpclassifyf@x                     cstackCOMRAM 000001
___heap_hi                           (abs)        000000
___heap_lo                           (abs)        000000
___inthi_sp                          stack        000000
___inthi_stack_hi                    stack        000000
___inthi_stack_lo                    stack        000000
___intlo_sp                          stack        000000
___intlo_stack_hi                    stack        000000
___intlo_stack_lo                    stack        000000
___lwdiv                             text28       00355C
___lwdiv@counter                     cstackCOMRAM 000007
___lwdiv@dividend                    cstackCOMRAM 000001
___lwdiv@divisor                     cstackCOMRAM 000003
___lwdiv@quotient                    cstackCOMRAM 000005
___param_bank                        (abs)        000000
___rparam_used                       (abs)        000001
___sp                                stack        000000
___stack_hi                          stack        000000
___stack_lo                          stack        000000
___xxtofl                            text12       002DDC
___xxtofl@arg                        cstackCOMRAM 00000B
___xxtofl@exp                        cstackCOMRAM 00000A
___xxtofl@sign                       cstackCOMRAM 000009
___xxtofl@val                        cstackCOMRAM 000001
__accesstop                          (abs)        000060
__activetblptr                       (abs)        000001
__end_of_ArmBalancePID               text29       0029C0
__end_of_ArmKalmanFilter             text16       002DDC
__end_of_ArmMPU6050_Read             text6        002384
__end_of_ArmMotor                    text27       00355C
__end_of_I2C_ACK                     text15       003874
__end_of_I2C_Master_Init             text26       00384C
__end_of_I2C_Master_Stop             text24       003896
__end_of_I2C_Master_Wait             text25       0037FC
__end_of_I2C_Master_Write            text23       003836
__end_of_I2C_NACK                    text14       003860
__end_of_I2C_Read                    text13       00365C
__end_of_I2C_Start                   text22       003884
__end_of_MPU6050_Init                text21       0030E2
__end_of_UART_TX_Init                text20       00381A
__end_of_WheelKalmanFilter           text4        002BCE
__end_of_WheelMPU6050_Read           text3        0026E6
__end_of___fladd                     text31       00145A
__end_of___fldiv                     text17       001FFE
__end_of___flge                      text33       0032EC
__end_of___flmul                     text32       001884
__end_of___flneg                     text11       0036DA
__end_of___flsub                     text30       0036A2
__end_of___fltol                     text19       0031E8
__end_of___fpclassifyf               text10       0033EA
__end_of___lwdiv                     text28       0035D0
__end_of___xxtofl                    text12       002F90
__end_of__initialization             cinit        003608
__end_of_aT0                         smallconst   000835
__end_of_aT1                         smallconst   000831
__end_of_aT2                         smallconst   00082D
__end_of_aT3                         smallconst   000829
__end_of_aT4                         smallconst   000825
__end_of_abs                         text18       003742
__end_of_atanf                       text8        000F9A
__end_of_atanhi                      smallconst   000821
__end_of_atanlo                      smallconst   000811
__end_of_calibrate_arm_gyro          text5        0037A6
__end_of_calibrate_wheel_gyro        text2        003774
__end_of_fabsf                       text9        00370E
__end_of_initializeCLK               text1        00388E
__end_of_main                        text0        0034C0
__end_of_sqrtf                       text7        001C62
__initialization                     cinit        0035D0
__mediumconst                        mediumconst  000000
__pbssBANK0                          bssBANK0     000060
__pbssBANK1                          bssBANK1     000100
__pcinit                             cinit        0035D0
__pcstackBANK0                       cstackBANK0  0000B2
__pcstackCOMRAM                      cstackCOMRAM 000001
__pdataBANK1                         dataBANK1    00016C
__pidataBANK1                        idataBANK1   0037A6
__psmallconst                        smallconst   000800
__ptext0                             text0        0033EA
__ptext1                             text1        003884
__ptext10                            text10       0032EC
__ptext11                            text11       0036A2
__ptext12                            text12       002DDC
__ptext13                            text13       003616
__ptext14                            text14       00384C
__ptext15                            text15       003860
__ptext16                            text16       002BCE
__ptext17                            text17       001C62
__ptext18                            text18       00370E
__ptext19                            text19       0030E2
__ptext2                             text2        003742
__ptext20                            text20       0037FC
__ptext21                            text21       002F90
__ptext22                            text22       003874
__ptext23                            text23       00381A
__ptext24                            text24       00388E
__ptext25                            text25       0037D6
__ptext26                            text26       003836
__ptext27                            text27       0034C0
__ptext28                            text28       00355C
__ptext29                            text29       0026E6
__ptext3                             text3        002384
__ptext30                            text30       00365C
__ptext31                            text31       000F9A
__ptext32                            text32       00145A
__ptext33                            text33       0031E8
__ptext4                             text4        0029C0
__ptext5                             text5        003774
__ptext6                             text6        001FFE
__ptext7                             text7        001884
__ptext8                             text8        000836
__ptext9                             text9        0036DA
__ramtop                             ramtop       000800
__smallconst                         smallconst   000800
_abs                                 text18       00370E
_armAX                               bssBANK0     00006C
_armAY                               bssBANK1     00012C
_armAZ                               bssBANK0     000068
_armAngleError                       bssBANK0     00008C
_armAx                               bssBANK0     0000A8
_armAy                               bssBANK0     0000A6
_armAz                               bssBANK0     0000A4
_armDesiredAngle                     bssBANK1     000150
_armDterm                            bssBANK1     000144
_armGX                               bssBANK1     000124
_armGY                               bssBANK1     000120
_armGZ                               bssBANK1     00011C
_armGy                               bssBANK0     0000A2
_armIterm                            bssBANK0     000084
_armKD                               bssBANK1     000140
_armKI                               dataBANK1    000180
_armKP                               dataBANK1    000184
_armKalmanAngle                      bssBANK0     000064
_armKalmanGain                       bssBANK0     000060
_armKalmanOutput                     bssBANK1     000100
_armKalmanUncertaintyAngle           dataBANK1    00016C
_armMax                              dataBANK1    000188
_armOffset                           dataBANK1    000174
_armPID_U                            bssBANK0     000080
_armPrevAngleError                   bssBANK0     000088
_armPrevIterm                        bssBANK1     00014C
_armPterm                            bssBANK1     000148
_armdegreeVar                        dataBANK1    000170
_armstateAngle                       bssBANK1     000118
_armt                                bssBANK1     000128
_atanf                               text8        000836
_atanf$1562                          cstackBANK0  0000D3
_atanf$1563                          cstackBANK0  0000BF
_atanf$1564                          cstackBANK0  0000D7
_atanf$1565                          cstackBANK0  0000C3
_atanf$1566                          cstackBANK0  0000C7
_atanhi                              smallconst   000811
_atanlo                              smallconst   000801
_calibrate_arm_gyro                  text5        003774
_calibrate_wheel_gyro                text2        003742
_degreeVar                           dataBANK1    00017C
_errno                               bssBANK0     0000A0
_fabsf                               text9        0036DA
_initializeCLK                       text1        003884
_main                                text0        0033EA
_sqrtf                               text7        001884
_stateAngle                          bssBANK1     000134
_wheelOffset                         bssBANK1     000130
abs@a                                cstackCOMRAM 00000B
atanf@id                             cstackBANK0  0000E0
atanf@ix                             cstackBANK0  0000E5
atanf@s1                             cstackBANK0  0000CB
atanf@s2                             cstackBANK0  0000CF
atanf@sign                           cstackBANK0  0000DB
atanf@w                              cstackBANK0  0000DC
atanf@x                              cstackCOMRAM 00005B
atanf@z                              cstackBANK0  0000E1
calibrate_arm_gyro@i                 cstackBANK0  0000F9
calibrate_wheel_gyro@i               cstackBANK0  0000F9
end_of_initialization                cinit        003608
fabsf@F465                           bssBANK1     000110
fabsf@u                              cstackCOMRAM 000005
fabsf@x                              cstackCOMRAM 000001
intlevel0                            text         000000
intlevel1                            text         000000
intlevel2                            text         000000
intlevel3                            text         000000
isa$std                              (abs)        000001
isa$xinst                            (abs)        000000
main@arm_u                           cstackBANK0  0000FB
sqrtf@i                              cstackCOMRAM 000037
sqrtf@ix                             cstackCOMRAM 00004B
sqrtf@m                              cstackCOMRAM 000043
sqrtf@q                              cstackCOMRAM 00003B
sqrtf@r                              cstackCOMRAM 000047
sqrtf@s                              cstackCOMRAM 000033
sqrtf@t                              cstackCOMRAM 00003F
sqrtf@x                              cstackCOMRAM 00002A
stackhi                              (abs)        000000
stacklo                              (abs)        000000
start                                init         000000
start_initialization                 cinit        0035D0


MODULE INFORMATION

Module		Function		Class		Link	Load	Size
C:\Program Files\Microchip\xc8\v2.46\pic\sources\c99\common\fltol.c
		___fltol       		CODE           	30E2	0000	262

C:\Program Files\Microchip\xc8\v2.46\pic\sources\c99\common\fltol.c estimated size: 262

UART.c
		_UART_TX_Init  		CODE           	37FC	0000	30

UART.c estimated size: 30

Init_MPU6050.c
		_MPU6050_Init  		CODE           	2F90	0000	338

Init_MPU6050.c estimated size: 338

C:\Program Files\Microchip\xc8\v2.46\pic\sources\c99\common\lwdiv.c
		___lwdiv       		CODE           	355C	0000	116

C:\Program Files\Microchip\xc8\v2.46\pic\sources\c99\common\lwdiv.c estimated size: 116

C:\Program Files\Microchip\xc8\v2.46\pic\sources\c99\common\xxtofl.c
		___xxtofl      		CODE           	2DDC	0000	436

C:\Program Files\Microchip\xc8\v2.46\pic\sources\c99\common\xxtofl.c estimated size: 436

I2C.c
		_I2C_Master_Wait		CODE           	37D6	0000	38
		_I2C_Master_Init		CODE           	3836	0000	22
		_I2C_Master_Stop		CODE           	388E	0000	8
		_I2C_Read      		CODE           	3616	0000	70
		_I2C_ACK       		CODE           	3860	0000	20
		_I2C_Master_Write		CODE           	381A	0000	28
		_I2C_NACK      		CODE           	384C	0000	20
		_I2C_Start     		CODE           	3874	0000	16

I2C.c estimated size: 222

C:\Program Files\Microchip\xc8\v2.46\pic\sources\c99\common\flneg.c
		___flneg       		CODE           	36A2	0000	56

C:\Program Files\Microchip\xc8\v2.46\pic\sources\c99\common\flneg.c estimated size: 56

ArmMPU6050.c
		_ArmMPU6050_Read		CODE           	1FFE	0000	902
		_calibrate_arm_gyro		CODE           	3774	0000	50
		_ArmKalmanFilter		CODE           	2BCE	0000	526

ArmMPU6050.c estimated size: 1478

C:\Program Files\Microchip\xc8\v2.46\pic\sources\c99\common\__fpclassifyf.c
		___fpclassifyf 		CODE           	32EC	0000	254

C:\Program Files\Microchip\xc8\v2.46\pic\sources\c99\common\__fpclassifyf.c estimated size: 254

C:\Program Files\Microchip\xc8\v2.46\pic\sources\c99\common\sprcmul.c
		___flmul       		CODE           	145A	0000	1066

C:\Program Files\Microchip\xc8\v2.46\pic\sources\c99\common\sprcmul.c estimated size: 1066

C:\Program Files\Microchip\xc8\v2.46\pic\sources\c99\common\sprcdiv.c
		___fldiv       		CODE           	1C62	0000	924

C:\Program Files\Microchip\xc8\v2.46\pic\sources\c99\common\sprcdiv.c estimated size: 924

C:\Program Files\Microchip\xc8\v2.46\pic\sources\c99\common\fabsf.c
		_fabsf         		CODE           	36DA	0000	52

C:\Program Files\Microchip\xc8\v2.46\pic\sources\c99\common\fabsf.c estimated size: 52

C:\Program Files\Microchip\xc8\v2.46\pic\sources\c99\common\atanf.c
		_atanf         		CODE           	0836	0000	1892

C:\Program Files\Microchip\xc8\v2.46\pic\sources\c99\common\atanf.c estimated size: 1892

shared
		_aT1           		SMALLCONST     	0000	0000	0
		_aT2           		SMALLCONST     	0000	0000	0
		_aT3           		SMALLCONST     	0000	0000	0
		_aT4           		SMALLCONST     	0000	0000	0
		_atanhi        		SMALLCONST     	0811	0000	16
		__initialization		CODE           	35D0	0000	56
		_aT0           		SMALLCONST     	0000	0000	0
		_atanlo        		SMALLCONST     	0801	0000	16

shared estimated size: 88

C:\Program Files\Microchip\xc8\v2.46\pic\sources\c99\common\sprcadd.c
		___flsub       		CODE           	365C	0000	70
		___fladd       		CODE           	0F9A	0000	1216

C:\Program Files\Microchip\xc8\v2.46\pic\sources\c99\common\sprcadd.c estimated size: 1286

C:\Program Files\Microchip\xc8\v2.46\pic\sources\c99\common\abs.c
		_abs           		CODE           	370E	0000	52

C:\Program Files\Microchip\xc8\v2.46\pic\sources\c99\common\abs.c estimated size: 52

main.c
		_ArmBalancePID 		CODE           	26E6	0000	730
		_main          		CODE           	33EA	0000	214
		_initializeCLK 		CODE           	3884	0000	10
		_ArmMotor      		CODE           	34C0	0000	156

main.c estimated size: 1110

WheelMPU6050.c
		_WheelMPU6050_Read		CODE           	2384	0000	866
		_WheelKalmanFilter		CODE           	29C0	0000	526
		_calibrate_wheel_gyro		CODE           	3742	0000	50

WheelMPU6050.c estimated size: 1442

C:\Program Files\Microchip\xc8\v2.46\pic\sources\c99\common\sqrtf.c
		_sqrtf         		CODE           	1884	0000	990

C:\Program Files\Microchip\xc8\v2.46\pic\sources\c99\common\sqrtf.c estimated size: 990

C:\Program Files\Microchip\xc8\v2.46\pic\sources\c99\common\flge.c
		___flge        		CODE           	31E8	0000	260

C:\Program Files\Microchip\xc8\v2.46\pic\sources\c99\common\flge.c estimated size: 260

