Microchip MPLAB XC8 Compiler V2.46

Linker command line:

-W-3 \
  --edf=C:\Program Files\Microchip\xc8\v2.46\pic\dat\20240104201356_en.msgs \
  -cn -h+dist/default/production\BalanceBot_New.X.production.sym \
  --cmf=dist/default/production\BalanceBot_New.X.production.cmf -z \
  -Q18F4550 -oC:\Users\AHMADM~1\AppData\Local\Temp\xcAs4fs.\driver_tmp_3.o \
  --defsym=__MPLAB_BUILD=1 --fixupoverflow=error \
  -Mdist/default/production/BalanceBot_New.X.production.map \
  --md=C:\Users\AHMADM~1\AppData\Local\Temp\xcAs4fs.\driver_tmp_0.dat -E1 \
  -ver=XC8 Compiler --acfsm=1493 -ACODE=00h-07FFFh -ACONST=00h-07FFFh \
  -ASMALLCONST=0800h-08FFhx120 -AMEDIUMCONST=0800h-07FFFh -ACOMRAM=01h-05Fh \
  -AABS1=00h-07FFh -ABIGRAM=01h-07FFh -ARAM=060h-0FFh,0100h-01FFhx7 \
  -ABANK0=060h-0FFh -ABANK1=0100h-01FFh -ABANK2=0200h-02FFh \
  -ABANK3=0300h-03FFh -ABANK4=0400h-04FFh -ABANK5=0500h-05FFh \
  -ABANK6=0600h-06FFh -ABANK7=0700h-07FFh -ASFR=0F60h-0FFFh \
  -ABIGSFR=0F60h-0FFFh -ACONFIG=0300000h-030000Dh -AIDLOC=0200000h-0200007h \
  -AEEDATA=0F00000h-0F000FFh -peeprom_data=EEDATA \
  -preset_vec=00h,intcode,sivt_hi,intcodelo,sivt_lo,powerup,init \
  -pramtop=0800h -psmallconst=SMALLCONST -pmediumconst=MEDIUMCONST \
  -pconst=CONST -AFARRAM=00h-00h \
  -prdata=COMRAM,nvrram=COMRAM,nvbit=COMRAM,rbss=COMRAM,rbit=COMRAM \
  -pfarbss=FARRAM,fardata=FARRAM,nvFARRAM=FARRAM \
  -pintsave_regs=BIGRAM,bigbss=BIGRAM,bigdata=BIGRAM -pbss=RAM \
  -pidata=CODE,irdata=CODE,ibigdata=CODE,ifardata=CODE -prparam=COMRAM \
  C:\Users\AHMADM~1\AppData\Local\Temp\xcAs4fs.\driver_tmp_14.o \
  dist/default/production\BalanceBot_New.X.production.o 

Object code version is 3.11

Machine type is 18F4550



                Name                               Link     Load   Length Selector   Space Scale
C:\Users\AHMADM~1\AppData\Local\Temp\xcAs4fs.\driver_tmp_14.o
                idloc                            200000   200000        8        0       5
                config                           300000   300000        E        0       4
                init                                  0        0        4        0       0
dist/default/production\BalanceBot_New.X.production.o
                idloc                            200000   200000        8        0       5
                config                           300000   300000        E        0       4
                smallconst                          800      800       6C      400       0
                text55                             4636     4636      104      436       0
                text54                             1E8C     1E8C      42A      436       0
                text53                             19CC     19CC      4C0      436       0
                text52                             4F7C     4F7C       46      436       0
                text51                             3654     3654      24E      436       0
                text50                             4C64     4C64       74      436       0
                text49                             4BC8     4BC8       9C      436       0
                text48                             4D46     4D46       62      436       0
                text47                             5254     5254       16      436       0
                text46                             51DE     51DE       26      436       0
                text45                             52AC     52AC        8      436       0
                text44                             5222     5222       1C      436       0
                text43                             5292     5292       10      436       0
                text42                             43DE     43DE      152      436       0
                text41                             5204     5204       1E      436       0
                text40                             523E     523E       16      436       0
                text39                             5006     5006       40      436       0
                text38                             3118     3118      2DA      436       0
                text37                             2694     2694      39C      436       0
                text36                             3CC6     3CC6      20E      436       0
                text35                             527E     527E       14      436       0
                text34                             526A     526A       14      436       0
                text33                             4F36     4F36       46      436       0
                text32                             40AC     40AC      1B4      436       0
                text31                             5080     5080       38      436       0
                text30                             473A     473A       FE      436       0
                text29                             5120     5120       34      436       0
                text28                             125C     125C      770      436       0
                text27                             22B6     22B6      3DE      436       0
                text26                             2A30     2A30      386      436       0
                text25                             5186     5186       32      436       0
                text24                             3AB8     3AB8      20E      436       0
                text23                             2DB6     2DB6      362      436       0
                text22                             5154     5154       32      436       0
                text21                             52A2     52A2        A      436       0
                text20                             4902     4902       C4      436       0
                text19                             49C6     49C6       B0      436       0
                text18                             50EC     50EC       34      436       0
                text17                             52B4     52B4        2      436       0
                text16                             4838     4838       CA      436       0
                text15                             4FC2     4FC2       44      436       0
                text14                             4CD8     4CD8       6E      436       0
                text13                             4260     4260      17E      436       0
                text12                             4A76     4A76       AA      436       0
                text11                             4530     4530      106      436       0
                text10                             38A2     38A2      216      436       0
                text9                              4DA8     4DA8       56      436       0
                text8                              4E4E     4E4E       50      436       0
                text7                              5046     5046       3A      436       0
                text6                               86C      86C      9F0      436       0
                text5                              51B8     51B8       26      436       0
                text4                              4B20     4B20       A8      436       0
                text3                              33F2     33F2      262      436       0
                text2                              4EEC     4EEC       4A      436       0
                text1                              4DFE     4DFE       50      436       0
                text0                              3ED4     3ED4      1D8      436       0
                cstackCOMRAM                          1        1       5F        1       1
                cstackBANK0                          60       60       70       60       1
                cstackBANK1                         1CE      1CE        D      100       1
                cstackBANK2                         250      250       2E      200       1
                bssBANK2                            200      200       50      200       1
                dataBANK1                           19A      19A       34      100       1
                bssBANK1                            100      100       9A      100       1
                bssBANK0                             D0       D0       29       60       1
                cinit                              4E9E     4E9E       4E      436       0
                idataBANK1                         50B8     50B8       34      436       0

TOTAL           Name                               Link     Load   Length     Space
        CLASS   CODE           
                init                                  0        0        4         0
                text55                             4636     4636      104         0
                text54                             1E8C     1E8C      42A         0
                text53                             19CC     19CC      4C0         0
                text52                             4F7C     4F7C       46         0
                text51                             3654     3654      24E         0
                text50                             4C64     4C64       74         0
                text49                             4BC8     4BC8       9C         0
                text48                             4D46     4D46       62         0
                text47                             5254     5254       16         0
                text46                             51DE     51DE       26         0
                text45                             52AC     52AC        8         0
                text44                             5222     5222       1C         0
                text43                             5292     5292       10         0
                text42                             43DE     43DE      152         0
                text41                             5204     5204       1E         0
                text40                             523E     523E       16         0
                text39                             5006     5006       40         0
                text38                             3118     3118      2DA         0
                text37                             2694     2694      39C         0
                text36                             3CC6     3CC6      20E         0
                text35                             527E     527E       14         0
                text34                             526A     526A       14         0
                text33                             4F36     4F36       46         0
                text32                             40AC     40AC      1B4         0
                text31                             5080     5080       38         0
                text30                             473A     473A       FE         0
                text29                             5120     5120       34         0
                text28                             125C     125C      770         0
                text27                             22B6     22B6      3DE         0
                text26                             2A30     2A30      386         0
                text25                             5186     5186       32         0
                text24                             3AB8     3AB8      20E         0
                text23                             2DB6     2DB6      362         0
                text22                             5154     5154       32         0
                text21                             52A2     52A2        A         0
                text20                             4902     4902       C4         0
                text19                             49C6     49C6       B0         0
                text18                             50EC     50EC       34         0
                text17                             52B4     52B4        2         0
                text16                             4838     4838       CA         0
                text15                             4FC2     4FC2       44         0
                text14                             4CD8     4CD8       6E         0
                text13                             4260     4260      17E         0
                text12                             4A76     4A76       AA         0
                text11                             4530     4530      106         0
                text10                             38A2     38A2      216         0
                text9                              4DA8     4DA8       56         0
                text8                              4E4E     4E4E       50         0
                text7                              5046     5046       3A         0
                text6                               86C      86C      9F0         0
                text5                              51B8     51B8       26         0
                text4                              4B20     4B20       A8         0
                text3                              33F2     33F2      262         0
                text2                              4EEC     4EEC       4A         0
                text1                              4DFE     4DFE       50         0
                text0                              3ED4     3ED4      1D8         0
                cinit                              4E9E     4E9E       4E         0
                idataBANK1                         50B8     50B8       34         0

        CLASS   CONST          

        CLASS   SMALLCONST     
                smallconst                          800      800       6C         0

        CLASS   MEDIUMCONST    

        CLASS   COMRAM         
                cstackCOMRAM                          1        1       5F         1

        CLASS   ABS1           

        CLASS   BIGRAM         

        CLASS   RAM            

        CLASS   BANK0          
                cstackBANK0                          60       60       70         1
                bssBANK0                             D0       D0       29         1

        CLASS   BANK1          
                cstackBANK1                         1CE      1CE        D         1
                dataBANK1                           19A      19A       34         1
                bssBANK1                            100      100       9A         1

        CLASS   BANK2          
                cstackBANK2                         250      250       2E         1
                bssBANK2                            200      200       50         1

        CLASS   BANK3          

        CLASS   BANK4          

        CLASS   BANK5          

        CLASS   BANK6          

        CLASS   BANK7          

        CLASS   SFR            

        CLASS   BIGSFR         

        CLASS   CONFIG         
                config                           300000   300000        E         4

        CLASS   IDLOC          
                idloc                            200000   200000        8         5

        CLASS   EEDATA         

        CLASS   FARRAM         

        CLASS   HEAP           

        CLASS   STACK          



SEGMENTS        Name                           Load    Length   Top    Selector   Space  Class

                reset_vec                      000000  000004  000004         0       0  CODE    
                cstackCOMRAM                   000001  00005F  000060         1       1  COMRAM  
                cstackBANK0                    000060  000099  0000F9        60       1  BANK0   
                bssBANK1                       000100  0000DB  0001DB       100       1  BANK1   
                bssBANK2                       000200  00007E  00027E       200       1  BANK2   
                smallconst                     000800  00006C  00086C       400       0  SMALLCON
                text6                          00086C  004A4A  0052B6       436       0  CODE    


UNUSED ADDRESS RANGES

        Name                Unused          Largest block    Delta
        BANK0            0000F9-0000FF                7
        BANK1            0001DB-0001FF               25
        BANK2            00027E-0002FF               82
        BANK3            000300-0003FF              100
        BANK4            000400-0004FF              100
        BANK5            000500-0005FF              100
        BANK6            000600-0006FF              100
        BANK7            000700-0007FF              100
        BIGRAM           0000F9-0000FF                7
                         0001DB-0001FF               25
                         00027E-0007FF              582
        BIGSFR           000F60-000FFF               A0
        CODE             000004-0007FF              7FC
                         0052B6-007FFF             2D4A
        CONST            000004-0007FF              7FC
                         0052B6-007FFF             2D4A
        EEDATA           F00000-F000FF              100
        MEDIUMCONST      0052B6-007FFF             2D4A
        RAM              0000F9-0000FF                7
                         0001DB-0001FF               25
                         00027E-0007FF              100
        SFR              000F60-000FFF               A0
        SMALLCONST       0052B6-007FFF              100

                                  Symbol Table

?_ArmBalancePID                      cstackCOMRAM 000032
?_ArmMPU6050_Read                    cstackBANK0  000097
?_WheelBalancePID                    cstackCOMRAM 000032
?_WheelMPU6050_Read                  cstackBANK0  000097
?___awdiv                            cstackCOMRAM 000001
?___awmod                            cstackCOMRAM 000001
?___fladd                            cstackCOMRAM 00001A
?___fldiv                            cstackCOMRAM 00004F
?___flmul                            cstackCOMRAM 000001
?___flneg                            cstackCOMRAM 000001
?___flsub                            cstackCOMRAM 00002A
?___fltol                            cstackCOMRAM 000001
?___fpclassifyf                      cstackCOMRAM 000001
?___lwdiv                            cstackCOMRAM 000001
?___wmul                             cstackCOMRAM 000001
?___xxtofl                           cstackCOMRAM 000001
?_abs                                cstackCOMRAM 00000B
?_atanf                              cstackCOMRAM 00005B
?_fabsf                              cstackCOMRAM 000001
?_floorf                             cstackCOMRAM 00005B
?_labs                               cstackCOMRAM 000001
?_read_prec_or_width                 cstackCOMRAM 000007
?_sprintf                            cstackBANK0  0000C3
?_sqrtf                              cstackCOMRAM 00002A
?_vfprintf                           cstackBANK0  0000BD
ArmBalancePID@InputAngle             cstackCOMRAM 000032
ArmKalmanFilter@armKalmanInput       cstackBANK0  000075
ArmKalmanFilter@armKalmanMeasurement cstackBANK0  000079
ArmKalmanFilter@armKalmanState       cstackBANK0  00006D
ArmKalmanFilter@armKalmanUncertainty cstackBANK0  000071
ArmMotor@direction                   cstackCOMRAM 00000B
ArmMotor@frequency                   cstackCOMRAM 00000C
ArmMotor@i                           cstackCOMRAM 000010
ArmMotor@k                           cstackCOMRAM 00000E
ArmMotor@steps                       cstackCOMRAM 000008
BothWheels@direction                 cstackCOMRAM 000008
BothWheels@frequency                 cstackCOMRAM 000004
BothWheels@i                         cstackCOMRAM 000006
BothWheels@steps                     cstackCOMRAM 000001
I2C_Master_Write@data                cstackCOMRAM 000002
I2C_Read@ACK_NACK                    cstackCOMRAM 000001
I2C_Read@Data                        cstackCOMRAM 000002
I2C_Start@add                        cstackCOMRAM 000003
UART_Write@data                      cstackCOMRAM 000001
UART_Write_String@buf                cstackCOMRAM 000002
UART_Write_String@i                  cstackCOMRAM 000004
WheelBalancePID@InputAngle           cstackCOMRAM 000032
WheelKalmanFilter@KalmanInput        cstackBANK0  000075
WheelKalmanFilter@KalmanMeasurement  cstackBANK0  000079
WheelKalmanFilter@KalmanState        cstackBANK0  00006D
WheelKalmanFilter@KalmanUncertainty  cstackBANK0  000071
_ACKDT                               (abs)        007E2D
_ACKEN                               (abs)        007E2C
_ACKSTAT                             (abs)        007E2E
_AX                                  bssBANK1     000160
_AY                                  bssBANK1     00015C
_AZ                                  bssBANK1     000158
_AngleError                          bssBANK0     0000E0
_ArmBalancePID                       text51       003654
_ArmBalancePID$1809                  cstackCOMRAM 000036
_ArmBalancePID$1810                  cstackCOMRAM 00003A
_ArmKalmanFilter                     text36       003CC6
_ArmKalmanFilter$1816                cstackCOMRAM 00005B
_ArmMPU6050_Read                     text26       002A30
_ArmMPU6050_Read$1817                cstackBANK0  00009F
_ArmMPU6050_Read$1818                cstackBANK0  0000A3
_ArmMotor                            text49       004BC8
_Ax                                  bssBANK0     0000F6
_Ay                                  bssBANK0     0000F4
_Az                                  bssBANK0     0000F2
_BAUDCONbits                         (abs)        000FB8
_BF                                  (abs)        007E38
_BothWheels                          text48       004D46
_CurrentArmAngle                     bssBANK1     00017C
_CurrentWheelAngle                   bssBANK1     000194
_DesiredAngle                        bssBANK1     000190
_Dterm                               bssBANK1     000184
_GX                                  bssBANK1     000154
_Gx                                  bssBANK0     0000F0
_I2C_ACK                             text35       00527E
_I2C_Master_Init                     text47       005254
_I2C_Master_Stop                     text45       0052AC
_I2C_Master_Wait                     text46       0051DE
_I2C_Master_Write                    text44       005222
_I2C_NACK                            text34       00526A
_I2C_Read                            text33       004F36
_I2C_Start                           text43       005292
_IPR1bits                            (abs)        000F9F
_Iterm                               bssBANK0     0000D8
_KD                                  dataBANK1    0001BE
_KI                                  dataBANK1    0001C2
_KP                                  dataBANK1    0001C6
_KalmanAngle                         bssBANK1     000148
_KalmanGain                          bssBANK1     000144
_KalmanOutput                        bssBANK1     000108
_KalmanUncertaintyAngle              dataBANK1    0001A6
_LATBbits                            (abs)        000F8A
_LATCbits                            (abs)        000F8B
_LATDbits                            (abs)        000F8C
_MPU6050_Init                        text42       0043DE
_Max                                 dataBANK1    0001CA
_OSCCONbits                          (abs)        000FD3
_PEN                                 (abs)        007E2A
_PID_U                               bssBANK1     000180
_PIE1bits                            (abs)        000F9D
_PrevAngleError                      bssBANK0     0000DC
_PrevIterm                           bssBANK1     00018C
_Pterm                               bssBANK1     000188
_RCEN                                (abs)        007E2B
_RCSTAbits                           (abs)        000FAB
_RSEN                                (abs)        007E29
_SEN                                 (abs)        007E28
_SPBRG                               (abs)        000FAF
_SPBRGH                              (abs)        000FB0
_SSPADD                              (abs)        000FC8
_SSPBUF                              (abs)        000FC9
_SSPCON1                             (abs)        000FC6
_SSPCON2                             (abs)        000FC5
_SSPIF                               (abs)        007CF3
_SSPSTAT                             (abs)        000FC7
_TRISB0                              (abs)        007C98
_TRISB1                              (abs)        007C99
_TRISBbits                           (abs)        000F93
_TRISCbits                           (abs)        000F94
_TRISDbits                           (abs)        000F95
_TRMT                                (abs)        007D61
_TXREG                               (abs)        000FAD
_TXSTAbits                           (abs)        000FAC
_UART_TX_Init                        text41       005204
_UART_Write                          text40       00523E
_UART_Write_String                   text39       005006
_WheelBalancePID                     text38       003118
_WheelBalancePID$1811                cstackCOMRAM 000036
_WheelBalancePID$1812                cstackCOMRAM 00003A
_WheelKalmanFilter                   text24       003AB8
_WheelKalmanFilter$1813              cstackCOMRAM 00005B
_WheelMPU6050_Read                   text23       002DB6
_WheelMPU6050_Read$1814              cstackBANK0  00009F
_WheelMPU6050_Read$1815              cstackBANK0  0000A3
__HRAM                               (abs)        000000
__H__absolute__                      __absolute__ 000000
__Habs1                              abs1         000000
__Hbank0                             bank0        000000
__Hbank1                             bank1        000000
__Hbank2                             bank2        000000
__Hbank3                             bank3        000000
__Hbank4                             bank4        000000
__Hbank5                             bank5        000000
__Hbank6                             bank6        000000
__Hbank7                             bank7        000000
__Hbigbss                            bigbss       000000
__Hbigdata                           bigdata      000000
__Hbigram                            bigram       000000
__Hbigsfr                            bigsfr       000000
__Hbss                               bss          000000
__HbssBANK0                          bssBANK0     000000
__HbssBANK1                          bssBANK1     000000
__HbssBANK2                          bssBANK2     000000
__Hcinit                             cinit        000000
__Hclrtext                           clrtext      000000
__Hcomram                            comram       000000
__Hconfig                            config       30000E
__Hconst                             const        000000
__HcstackBANK0                       cstackBANK0  000000
__HcstackBANK1                       cstackBANK1  000000
__HcstackBANK2                       cstackBANK2  000000
__HcstackCOMRAM                      cstackCOMRAM 000000
__Hdata                              data         000000
__HdataBANK1                         dataBANK1    000000
__Heeprom_data                       eeprom_data  000000
__Hfarbss                            farbss       000000
__Hfardata                           fardata      000000
__Hheap                              heap         000000
__Hibigdata                          ibigdata     000000
__Hidata                             idata        000000
__HidataBANK1                        idataBANK1   000000
__Hidloc                             idloc        200008
__Hifardata                          ifardata     000000
__Hinit                              init         000004
__Hintcode                           intcode      000000
__Hintcode_body                      intcode_body 000000
__Hintcodelo                         intcodelo    000000
__Hintentry                          intentry     000000
__Hintret                            intret       000000
__Hintsave_regs                      intsave_regs 000000
__Hirdata                            irdata       000000
__Hmediumconst                       mediumconst  000000
__HnvFARRAM                          nvFARRAM     000000
__Hnvbit                             nvbit        000000
__Hnvrram                            nvrram       000000
__Hparam                             rparam       000000
__Hpowerup                           powerup      000000
__Hram                               ram          000000
__Hramtop                            ramtop       000800
__Hrbit                              rbit         000000
__Hrbss                              rbss         000000
__Hrdata                             rdata        000000
__Hreset_vec                         reset_vec    000000
__Hrparam                            rparam       000000
__Hsfr                               sfr          000000
__Hsivt_hi                           sivt_hi      000000
__Hsivt_lo                           sivt_lo      000000
__Hsmallconst                        smallconst   00086C
__Hspace_0                           (abs)        0052B6
__Hspace_1                           (abs)        00027E
__Hspace_2                           (abs)        000000
__Hspace_4                           (abs)        60000E
__Hstack                             stack        000000
__Hstruct                            struct       000000
__Htemp                              temp         000000
__Htext                              text         000000
__Htext0                             text0        000000
__Htext1                             text1        000000
__Htext10                            text10       000000
__Htext11                            text11       000000
__Htext12                            text12       000000
__Htext13                            text13       000000
__Htext14                            text14       000000
__Htext15                            text15       000000
__Htext16                            text16       000000
__Htext17                            text17       000000
__Htext18                            text18       000000
__Htext19                            text19       000000
__Htext2                             text2        000000
__Htext20                            text20       000000
__Htext21                            text21       000000
__Htext22                            text22       000000
__Htext23                            text23       000000
__Htext24                            text24       000000
__Htext25                            text25       000000
__Htext26                            text26       000000
__Htext27                            text27       000000
__Htext28                            text28       000000
__Htext29                            text29       000000
__Htext3                             text3        000000
__Htext30                            text30       000000
__Htext31                            text31       000000
__Htext32                            text32       000000
__Htext33                            text33       000000
__Htext34                            text34       000000
__Htext35                            text35       000000
__Htext36                            text36       000000
__Htext37                            text37       000000
__Htext38                            text38       000000
__Htext39                            text39       000000
__Htext4                             text4        000000
__Htext40                            text40       000000
__Htext41                            text41       000000
__Htext42                            text42       000000
__Htext43                            text43       000000
__Htext44                            text44       000000
__Htext45                            text45       000000
__Htext46                            text46       000000
__Htext47                            text47       000000
__Htext48                            text48       000000
__Htext49                            text49       000000
__Htext5                             text5        000000
__Htext50                            text50       000000
__Htext51                            text51       000000
__Htext52                            text52       000000
__Htext53                            text53       000000
__Htext54                            text54       000000
__Htext55                            text55       000000
__Htext6                             text6        000000
__Htext7                             text7        000000
__Htext8                             text8        000000
__Htext9                             text9        000000
__LRAM                               (abs)        000001
__L__absolute__                      __absolute__ 000000
__Labs1                              abs1         000000
__Lbank0                             bank0        000000
__Lbank1                             bank1        000000
__Lbank2                             bank2        000000
__Lbank3                             bank3        000000
__Lbank4                             bank4        000000
__Lbank5                             bank5        000000
__Lbank6                             bank6        000000
__Lbank7                             bank7        000000
__Lbigbss                            bigbss       000000
__Lbigdata                           bigdata      000000
__Lbigram                            bigram       000000
__Lbigsfr                            bigsfr       000000
__Lbss                               bss          000000
__LbssBANK0                          bssBANK0     000000
__LbssBANK1                          bssBANK1     000000
__LbssBANK2                          bssBANK2     000000
__Lcinit                             cinit        000000
__Lclrtext                           clrtext      000000
__Lcomram                            comram       000000
__Lconfig                            config       000000
__Lconst                             const        000000
__LcstackBANK0                       cstackBANK0  000000
__LcstackBANK1                       cstackBANK1  000000
__LcstackBANK2                       cstackBANK2  000000
__LcstackCOMRAM                      cstackCOMRAM 000000
__Ldata                              data         000000
__LdataBANK1                         dataBANK1    000000
__Leeprom_data                       eeprom_data  000000
__Lfarbss                            farbss       000000
__Lfardata                           fardata      000000
__Lheap                              heap         000000
__Libigdata                          ibigdata     000000
__Lidata                             idata        000000
__LidataBANK1                        idataBANK1   000000
__Lidloc                             idloc        000000
__Lifardata                          ifardata     000000
__Linit                              init         000000
__Lintcode                           intcode      000000
__Lintcode_body                      intcode_body 000000
__Lintcodelo                         intcodelo    000000
__Lintentry                          intentry     000000
__Lintret                            intret       000000
__Lintsave_regs                      intsave_regs 000000
__Lirdata                            irdata       000000
__Lmediumconst                       mediumconst  000000
__LnvFARRAM                          nvFARRAM     000000
__Lnvbit                             nvbit        000000
__Lnvrram                            nvrram       000000
__Lparam                             rparam       000000
__Lpowerup                           powerup      000000
__Lram                               ram          000000
__Lramtop                            ramtop       000800
__Lrbit                              rbit         000000
__Lrbss                              rbss         000000
__Lrdata                             rdata        000000
__Lreset_vec                         reset_vec    000000
__Lrparam                            rparam       000000
__Lsfr                               sfr          000000
__Lsivt_hi                           sivt_hi      000000
__Lsivt_lo                           sivt_lo      000000
__Lsmallconst                        smallconst   000800
__Lspace_0                           (abs)        000000
__Lspace_1                           (abs)        000000
__Lspace_2                           (abs)        000000
__Lspace_4                           (abs)        000000
__Lstack                             stack        000000
__Lstruct                            struct       000000
__Ltemp                              temp         000000
__Ltext                              text         000000
__Ltext0                             text0        000000
__Ltext1                             text1        000000
__Ltext10                            text10       000000
__Ltext11                            text11       000000
__Ltext12                            text12       000000
__Ltext13                            text13       000000
__Ltext14                            text14       000000
__Ltext15                            text15       000000
__Ltext16                            text16       000000
__Ltext17                            text17       000000
__Ltext18                            text18       000000
__Ltext19                            text19       000000
__Ltext2                             text2        000000
__Ltext20                            text20       000000
__Ltext21                            text21       000000
__Ltext22                            text22       000000
__Ltext23                            text23       000000
__Ltext24                            text24       000000
__Ltext25                            text25       000000
__Ltext26                            text26       000000
__Ltext27                            text27       000000
__Ltext28                            text28       000000
__Ltext29                            text29       000000
__Ltext3                             text3        000000
__Ltext30                            text30       000000
__Ltext31                            text31       000000
__Ltext32                            text32       000000
__Ltext33                            text33       000000
__Ltext34                            text34       000000
__Ltext35                            text35       000000
__Ltext36                            text36       000000
__Ltext37                            text37       000000
__Ltext38                            text38       000000
__Ltext39                            text39       000000
__Ltext4                             text4        000000
__Ltext40                            text40       000000
__Ltext41                            text41       000000
__Ltext42                            text42       000000
__Ltext43                            text43       000000
__Ltext44                            text44       000000
__Ltext45                            text45       000000
__Ltext46                            text46       000000
__Ltext47                            text47       000000
__Ltext48                            text48       000000
__Ltext49                            text49       000000
__Ltext5                             text5        000000
__Ltext50                            text50       000000
__Ltext51                            text51       000000
__Ltext52                            text52       000000
__Ltext53                            text53       000000
__Ltext54                            text54       000000
__Ltext55                            text55       000000
__Ltext6                             text6        000000
__Ltext7                             text7        000000
__Ltext8                             text8        000000
__Ltext9                             text9        000000
__S0                                 (abs)        0052B6
__S1                                 (abs)        00027E
__S4                                 (abs)        000000
__S5                                 (abs)        000000
___awdiv                             text20       004902
___awdiv@counter                     cstackCOMRAM 000005
___awdiv@dividend                    cstackCOMRAM 000001
___awdiv@divisor                     cstackCOMRAM 000003
___awdiv@quotient                    cstackCOMRAM 000007
___awdiv@sign                        cstackCOMRAM 000006
___awmod                             text19       0049C6
___awmod@counter                     cstackCOMRAM 000005
___awmod@dividend                    cstackCOMRAM 000001
___awmod@divisor                     cstackCOMRAM 000003
___awmod@sign                        cstackCOMRAM 000006
___fladd                             text53       0019CC
___fladd@a                           cstackCOMRAM 00001E
___fladd@aexp                        cstackCOMRAM 000027
___fladd@b                           cstackCOMRAM 00001A
___fladd@bexp                        cstackCOMRAM 000028
___fladd@grs                         cstackCOMRAM 000029
___fladd@signs                       cstackCOMRAM 000026
___fldiv                             text37       002694
___fldiv@a                           cstackCOMRAM 000053
___fldiv@aexp                        cstackBANK0  00006C
___fldiv@b                           cstackCOMRAM 00004F
___fldiv@bexp                        cstackBANK0  00006B
___fldiv@grs                         cstackBANK0  000067
___fldiv@new_exp                     cstackBANK0  000065
___fldiv@rem                         cstackBANK0  000060
___fldiv@sign                        cstackBANK0  000064
___fleq                              text12       004A76
___fleq@ff1                          cstackCOMRAM 000001
___fleq@ff2                          cstackCOMRAM 000005
___flge                              text55       004636
___flge@ff1                          cstackCOMRAM 00001A
___flge@ff2                          cstackCOMRAM 00001E
___flmul                             text54       001E8C
___flmul@a                           cstackCOMRAM 000005
___flmul@aexp                        cstackCOMRAM 00000E
___flmul@b                           cstackCOMRAM 000001
___flmul@bexp                        cstackCOMRAM 000013
___flmul@grs                         cstackCOMRAM 00000F
___flmul@prod                        cstackCOMRAM 000014
___flmul@sign                        cstackCOMRAM 00000D
___flmul@temp                        cstackCOMRAM 000018
___flneg                             text31       005080
___flneg@f1                          cstackCOMRAM 000001
___flsub                             text52       004F7C
___flsub@a                           cstackCOMRAM 00002E
___flsub@b                           cstackCOMRAM 00002A
___fltol                             text11       004530
___fltol@exp1                        cstackCOMRAM 00000A
___fltol@f1                          cstackCOMRAM 000001
___fltol@sign1                       cstackCOMRAM 000009
___fpclassifyf                       text30       00473A
___fpclassifyf@F465                  bssBANK1     000118
___fpclassifyf@e                     cstackCOMRAM 000009
___fpclassifyf@u                     cstackCOMRAM 00000B
___fpclassifyf@x                     cstackCOMRAM 000001
___heap_hi                           (abs)        000000
___heap_lo                           (abs)        000000
___inthi_sp                          stack        000000
___inthi_stack_hi                    stack        000000
___inthi_stack_lo                    stack        000000
___intlo_sp                          stack        000000
___intlo_stack_hi                    stack        000000
___intlo_stack_lo                    stack        000000
___lwdiv                             text50       004C64
___lwdiv@counter                     cstackCOMRAM 000005
___lwdiv@dividend                    cstackCOMRAM 000001
___lwdiv@divisor                     cstackCOMRAM 000003
___lwdiv@quotient                    cstackCOMRAM 000006
___param_bank                        (abs)        000000
___rparam_used                       (abs)        000001
___sp                                stack        000000
___stack_hi                          stack        000000
___stack_lo                          stack        000000
___wmul                              text5        0051B8
___wmul@multiplicand                 cstackCOMRAM 000003
___wmul@multiplier                   cstackCOMRAM 000001
___wmul@product                      cstackCOMRAM 000005
___xxtofl                            text32       0040AC
___xxtofl@arg                        cstackCOMRAM 00000B
___xxtofl@exp                        cstackCOMRAM 00000A
___xxtofl@sign                       cstackCOMRAM 000009
___xxtofl@val                        cstackCOMRAM 000001
__accesstop                          (abs)        000060
__activetblptr                       (abs)        000002
__end_of_ArmBalancePID               text51       0038A2
__end_of_ArmKalmanFilter             text36       003ED4
__end_of_ArmMPU6050_Read             text26       002DB6
__end_of_ArmMotor                    text49       004C64
__end_of_BothWheels                  text48       004DA8
__end_of_I2C_ACK                     text35       005292
__end_of_I2C_Master_Init             text47       00526A
__end_of_I2C_Master_Stop             text45       0052B4
__end_of_I2C_Master_Wait             text46       005204
__end_of_I2C_Master_Write            text44       00523E
__end_of_I2C_NACK                    text34       00527E
__end_of_I2C_Read                    text33       004F7C
__end_of_I2C_Start                   text43       0052A2
__end_of_MPU6050_Init                text42       004530
__end_of_UART_TX_Init                text41       005222
__end_of_UART_Write                  text40       005254
__end_of_UART_Write_String           text39       005046
__end_of_WheelBalancePID             text38       0033F2
__end_of_WheelKalmanFilter           text24       003CC6
__end_of_WheelMPU6050_Read           text23       003118
__end_of___awdiv                     text20       0049C6
__end_of___awmod                     text19       004A76
__end_of___fladd                     text53       001E8C
__end_of___fldiv                     text37       002A30
__end_of___fleq                      text12       004B20
__end_of___flge                      text55       00473A
__end_of___flmul                     text54       0022B6
__end_of___flneg                     text31       0050B8
__end_of___flsub                     text52       004FC2
__end_of___fltol                     text11       004636
__end_of___fpclassifyf               text30       004838
__end_of___lwdiv                     text50       004CD8
__end_of___wmul                      text5        0051DE
__end_of___xxtofl                    text32       004260
__end_of__initialization             cinit        004EE2
__end_of_aT0                         smallconst   000835
__end_of_aT1                         smallconst   000831
__end_of_aT2                         smallconst   00082D
__end_of_aT3                         smallconst   000829
__end_of_aT4                         smallconst   000825
__end_of_abs                         text18       005120
__end_of_atanf                       text28       0019CC
__end_of_atanhi                      smallconst   000821
__end_of_atanlo                      smallconst   000811
__end_of_calibrate_arm_gyro          text25       0051B8
__end_of_calibrate_wheel_gyro        text22       005186
__end_of_dtoa                        text13       0043DE
__end_of_efgtoa                      text6        00125C
__end_of_fabsf                       text29       005154
__end_of_floorf                      text10       003AB8
__end_of_fputc                       text16       004902
__end_of_fputs                       text15       005006
__end_of_initializeCLK               text21       0052AC
__end_of_labs                        text9        004DFE
__end_of_main                        text0        0040AC
__end_of_memcpy                      text8        004E9E
__end_of_pad                         text14       004D46
__end_of_putch                       text17       0052B6
__end_of_read_prec_or_width          text4        004BC8
__end_of_sprintf                     text1        004E4E
__end_of_sqrtf                       text27       002694
__end_of_strcpy                      text7        005080
__end_of_vfpfcnvrt                   text3        003654
__end_of_vfprintf                    text2        004F36
__initialization                     cinit        004E9E
__mediumconst                        mediumconst  000000
__pbssBANK0                          bssBANK0     0000D0
__pbssBANK1                          bssBANK1     000100
__pbssBANK2                          bssBANK2     000200
__pcinit                             cinit        004E9E
__pcstackBANK0                       cstackBANK0  000060
__pcstackBANK1                       cstackBANK1  0001CE
__pcstackBANK2                       cstackBANK2  000250
__pcstackCOMRAM                      cstackCOMRAM 000001
__pdataBANK1                         dataBANK1    00019A
__pidataBANK1                        idataBANK1   0050B8
__psmallconst                        smallconst   000800
__ptext0                             text0        003ED4
__ptext1                             text1        004DFE
__ptext10                            text10       0038A2
__ptext11                            text11       004530
__ptext12                            text12       004A76
__ptext13                            text13       004260
__ptext14                            text14       004CD8
__ptext15                            text15       004FC2
__ptext16                            text16       004838
__ptext17                            text17       0052B4
__ptext18                            text18       0050EC
__ptext19                            text19       0049C6
__ptext2                             text2        004EEC
__ptext20                            text20       004902
__ptext21                            text21       0052A2
__ptext22                            text22       005154
__ptext23                            text23       002DB6
__ptext24                            text24       003AB8
__ptext25                            text25       005186
__ptext26                            text26       002A30
__ptext27                            text27       0022B6
__ptext28                            text28       00125C
__ptext29                            text29       005120
__ptext3                             text3        0033F2
__ptext30                            text30       00473A
__ptext31                            text31       005080
__ptext32                            text32       0040AC
__ptext33                            text33       004F36
__ptext34                            text34       00526A
__ptext35                            text35       00527E
__ptext36                            text36       003CC6
__ptext37                            text37       002694
__ptext38                            text38       003118
__ptext39                            text39       005006
__ptext4                             text4        004B20
__ptext40                            text40       00523E
__ptext41                            text41       005204
__ptext42                            text42       0043DE
__ptext43                            text43       005292
__ptext44                            text44       005222
__ptext45                            text45       0052AC
__ptext46                            text46       0051DE
__ptext47                            text47       005254
__ptext48                            text48       004D46
__ptext49                            text49       004BC8
__ptext5                             text5        0051B8
__ptext50                            text50       004C64
__ptext51                            text51       003654
__ptext52                            text52       004F7C
__ptext53                            text53       0019CC
__ptext54                            text54       001E8C
__ptext55                            text55       004636
__ptext6                             text6        00086C
__ptext7                             text7        005046
__ptext8                             text8        004E4E
__ptext9                             text9        004DA8
__ramtop                             ramtop       000800
__smallconst                         smallconst   000800
_abs                                 text18       0050EC
_armAX                               bssBANK1     000140
_armAY                               bssBANK1     00013C
_armAZ                               bssBANK1     000138
_armAngleError                       bssBANK0     0000D4
_armAx                               bssBANK0     0000EE
_armAy                               bssBANK0     0000EC
_armAz                               bssBANK0     0000EA
_armDesiredAngle                     bssBANK1     000178
_armDterm                            bssBANK1     000168
_armGX                               bssBANK1     000130
_armGY                               bssBANK1     00012C
_armGZ                               bssBANK1     000128
_armGy                               bssBANK0     0000E8
_armIterm                            bssBANK0     0000D0
_armKD                               dataBANK1    0001AE
_armKI                               dataBANK1    0001B2
_armKP                               dataBANK1    0001B6
_armKalmanAngle                      bssBANK1     000120
_armKalmanGain                       bssBANK1     00011C
_armKalmanOutput                     bssBANK1     000100
_armKalmanUncertaintyAngle           dataBANK1    00019A
_armMax                              dataBANK1    0001BA
_armOffset                           dataBANK1    0001A2
_armPID_U                            bssBANK1     000164
_armPrevAngleError                   bssBANK1     000174
_armPrevIterm                        bssBANK1     000170
_armPterm                            bssBANK1     00016C
_armdegreeVar                        dataBANK1    00019E
_armstateAngle                       bssBANK1     000124
_armt                                bssBANK1     000134
_atanf                               text28       00125C
_atanf$1819                          cstackBANK0  000081
_atanf$1820                          cstackBANK0  00006D
_atanf$1821                          cstackBANK0  000085
_atanf$1822                          cstackBANK0  000071
_atanf$1823                          cstackBANK0  000075
_atanhi                              smallconst   000811
_atanlo                              smallconst   000801
_calibrate_arm_gyro                  text25       005186
_calibrate_wheel_gyro                text22       005154
_dbuf                                bssBANK2     000200
_degreeVar                           dataBANK1    0001AA
_dtoa                                text13       004260
_dtoa$1439                           cstackCOMRAM 00001E
_efgtoa                              text6        00086C
_efgtoa$1470                         cstackBANK0  00008C
_errno                               bssBANK1     000198
_fabsf                               text29       005120
_flags                               bssBANK0     0000F8
_floorf                              text10       0038A2
_fputc                               text16       004838
_fputs                               text15       004FC2
_initializeCLK                       text21       0052A2
_labs                                text9        004DA8
_main                                text0        003ED4
_memcpy                              text8        004E4E
_pad                                 text14       004CD8
_prec                                bssBANK0     0000E6
_putch                               text17       0052B4
_read_prec_or_width                  text4        004B20
_sprintf                             text1        004DFE
_sqrtf                               text27       0022B6
_stateAngle                          bssBANK1     000150
_strcpy                              text7        005046
_vfpfcnvrt                           text3        0033F2
_vfprintf                            text2        004EEC
_wheelOffset                         bssBANK1     00014C
_width                               bssBANK0     0000E4
abs@a                                cstackCOMRAM 00000B
atanf@id                             cstackBANK0  00008E
atanf@ix                             cstackBANK0  000093
atanf@s1                             cstackBANK0  000079
atanf@s2                             cstackBANK0  00007D
atanf@sign                           cstackBANK0  000089
atanf@w                              cstackBANK0  00008A
atanf@x                              cstackCOMRAM 00005B
atanf@z                              cstackBANK0  00008F
calibrate_arm_gyro@i                 cstackBANK0  0000A7
calibrate_wheel_gyro@i               cstackBANK0  0000A7
dtoa@d                               cstackCOMRAM 00001C
dtoa@fp                              cstackCOMRAM 00001A
dtoa@i                               cstackCOMRAM 000025
dtoa@p                               cstackCOMRAM 000022
dtoa@s                               cstackCOMRAM 000024
dtoa@w                               cstackCOMRAM 000020
efgtoa@c                             cstackBANK0  000083
efgtoa@d                             cstackBANK0  000091
efgtoa@e                             cstackBANK0  000095
efgtoa@f                             cstackBANK0  00007F
efgtoa@fp                            cstackBANK0  00007D
efgtoa@g                             cstackBANK0  0000A8
efgtoa@h                             cstackBANK0  00009F
efgtoa@i                             cstackBANK0  00009D
efgtoa@l                             cstackBANK0  0000A3
efgtoa@m                             cstackBANK0  000093
efgtoa@mode                          cstackBANK0  00008F
efgtoa@n                             cstackBANK0  0000AC
efgtoa@ne                            cstackBANK0  000086
efgtoa@nmode                         cstackBANK0  000090
efgtoa@ou                            cstackBANK0  000099
efgtoa@p                             cstackBANK0  000088
efgtoa@pp                            cstackBANK0  00008E
efgtoa@sign                          cstackBANK0  0000A7
efgtoa@t                             cstackBANK0  00008A
efgtoa@u                             cstackBANK0  0000AE
efgtoa@w                             cstackBANK0  000097
end_of_initialization                cinit        004EE2
fabsf@F465                           bssBANK1     000114
fabsf@u                              cstackCOMRAM 000005
fabsf@x                              cstackCOMRAM 000001
floorf@F521                          bssBANK1     000110
floorf@e                             cstackBANK0  000077
floorf@m                             cstackBANK0  000073
floorf@u                             cstackBANK0  000079
floorf@x                             cstackCOMRAM 00005B
fputc@c                              cstackCOMRAM 000001
fputc@fp                             cstackCOMRAM 000003
fputs@c                              cstackCOMRAM 00000E
fputs@fp                             cstackCOMRAM 00000C
fputs@i                              cstackCOMRAM 00000F
fputs@s                              cstackCOMRAM 00000A
intlevel0                            text         000000
intlevel1                            text         000000
intlevel2                            text         000000
intlevel3                            text         000000
isa$std                              (abs)        000001
isa$xinst                            (abs)        000000
labs@a                               cstackCOMRAM 000001
main@arm_u                           cstackBANK2  00027A
main@buffer                          cstackBANK2  000250
main@h                               cstackBANK2  000278
main@wheel_u                         cstackBANK2  00027C
memcpy@d                             cstackCOMRAM 000008
memcpy@d1                            cstackCOMRAM 000001
memcpy@n                             cstackCOMRAM 000005
memcpy@s                             cstackCOMRAM 00000A
memcpy@s1                            cstackCOMRAM 000003
memcpy@tmp                           cstackCOMRAM 000007
pad@buf                              cstackCOMRAM 000013
pad@fp                               cstackCOMRAM 000011
pad@i                                cstackCOMRAM 000018
pad@p                                cstackCOMRAM 000015
read_prec_or_width@ap                cstackCOMRAM 000008
read_prec_or_width@c                 cstackCOMRAM 00000A
read_prec_or_width@fmt               cstackCOMRAM 000007
read_prec_or_width@n                 cstackCOMRAM 00000B
sprintf@ap                           cstackBANK1  0001CE
sprintf@f                            cstackBANK1  0001CF
sprintf@fmt                          cstackBANK0  0000C5
sprintf@s                            cstackBANK0  0000C3
sqrtf@i                              cstackCOMRAM 000037
sqrtf@ix                             cstackCOMRAM 00004B
sqrtf@m                              cstackCOMRAM 000043
sqrtf@q                              cstackCOMRAM 00003B
sqrtf@r                              cstackCOMRAM 000047
sqrtf@s                              cstackCOMRAM 000033
sqrtf@t                              cstackCOMRAM 00003F
sqrtf@x                              cstackCOMRAM 00002A
stackhi                              (abs)        000000
stacklo                              (abs)        000000
start                                init         000000
start_initialization                 cinit        004E9E
strcpy@d                             cstackCOMRAM 000005
strcpy@dest                          cstackCOMRAM 000001
strcpy@src                           cstackCOMRAM 000003
vfpfcnvrt@ap                         cstackBANK0  0000B5
vfpfcnvrt@c                          cstackBANK0  0000BB
vfpfcnvrt@convarg                    cstackBANK0  0000B7
vfpfcnvrt@cp                         cstackBANK0  0000BC
vfpfcnvrt@fmt                        cstackBANK0  0000B4
vfpfcnvrt@fp                         cstackBANK0  0000B2
vfprintf@ap                          cstackBANK0  0000C0
vfprintf@cfmt                        cstackBANK0  0000C2
vfprintf@fmt                         cstackBANK0  0000BF
vfprintf@fp                          cstackBANK0  0000BD


MODULE INFORMATION

Module		Function		Class		Link	Load	Size
C:\Program Files\Microchip\xc8\v2.46\pic\sources\c99\common\fltol.c
		___fltol       		CODE           	4530	0000	262

C:\Program Files\Microchip\xc8\v2.46\pic\sources\c99\common\fltol.c estimated size: 262

UART.c
		_UART_Write_String		CODE           	5006	0000	64
		_UART_Write    		CODE           	523E	0000	22
		_UART_TX_Init  		CODE           	5204	0000	30

UART.c estimated size: 116

C:\Program Files\Microchip\xc8\v2.46\pic\sources\c99\common\floorf.c
		_floorf        		CODE           	38A2	0000	534

C:\Program Files\Microchip\xc8\v2.46\pic\sources\c99\common\floorf.c estimated size: 534

Init_MPU6050.c
		_MPU6050_Init  		CODE           	43DE	0000	338

Init_MPU6050.c estimated size: 338

C:\Program Files\Microchip\xc8\v2.46\pic\sources\c99\common\nf_fputc.c
		_fputc         		CODE           	4838	0000	202

C:\Program Files\Microchip\xc8\v2.46\pic\sources\c99\common\nf_fputc.c estimated size: 202

C:\Program Files\Microchip\xc8\v2.46\pic\sources\c99\common\lwdiv.c
		___lwdiv       		CODE           	4C64	0000	116

C:\Program Files\Microchip\xc8\v2.46\pic\sources\c99\common\lwdiv.c estimated size: 116

C:\Program Files\Microchip\xc8\v2.46\pic\sources\c99\common\awdiv.c
		___awdiv       		CODE           	4902	0000	196

C:\Program Files\Microchip\xc8\v2.46\pic\sources\c99\common\awdiv.c estimated size: 196

C:\Program Files\Microchip\xc8\v2.46\pic\sources\c99\common\xxtofl.c
		___xxtofl      		CODE           	40AC	0000	436

C:\Program Files\Microchip\xc8\v2.46\pic\sources\c99\common\xxtofl.c estimated size: 436

I2C.c
		_I2C_Master_Wait		CODE           	51DE	0000	38
		_I2C_Master_Init		CODE           	5254	0000	22
		_I2C_Master_Stop		CODE           	52AC	0000	8
		_I2C_Read      		CODE           	4F36	0000	70
		_I2C_ACK       		CODE           	527E	0000	20
		_I2C_Master_Write		CODE           	5222	0000	28
		_I2C_NACK      		CODE           	526A	0000	20
		_I2C_Start     		CODE           	5292	0000	16

I2C.c estimated size: 222

C:\Program Files\Microchip\xc8\v2.46\pic\sources\c99\common\flneg.c
		___flneg       		CODE           	5080	0000	56

C:\Program Files\Microchip\xc8\v2.46\pic\sources\c99\common\flneg.c estimated size: 56

ArmMPU6050.c
		_ArmMPU6050_Read		CODE           	2A30	0000	902
		_calibrate_arm_gyro		CODE           	5186	0000	50
		_ArmKalmanFilter		CODE           	3CC6	0000	526

ArmMPU6050.c estimated size: 1478

C:\Program Files\Microchip\xc8\v2.46\pic\sources\c99\common\__fpclassifyf.c
		___fpclassifyf 		CODE           	473A	0000	254

C:\Program Files\Microchip\xc8\v2.46\pic\sources\c99\common\__fpclassifyf.c estimated size: 254

C:\Program Files\Microchip\xc8\v2.46\pic\sources\c99\common\sprcmul.c
		___flmul       		CODE           	1E8C	0000	1066

C:\Program Files\Microchip\xc8\v2.46\pic\sources\c99\common\sprcmul.c estimated size: 1066

C:\Program Files\Microchip\xc8\v2.46\pic\sources\c99\common\strcpy.c
		_strcpy        		CODE           	5046	0000	58

C:\Program Files\Microchip\xc8\v2.46\pic\sources\c99\common\strcpy.c estimated size: 58

C:\Program Files\Microchip\xc8\v2.46\pic\sources\c99\common\sprcdiv.c
		___fldiv       		CODE           	2694	0000	924

C:\Program Files\Microchip\xc8\v2.46\pic\sources\c99\common\sprcdiv.c estimated size: 924

C:\Program Files\Microchip\xc8\v2.46\pic\sources\c99\common\fleq.c
		___fleq        		CODE           	4A76	0000	170

C:\Program Files\Microchip\xc8\v2.46\pic\sources\c99\common\fleq.c estimated size: 170

C:\Program Files\Microchip\xc8\v2.46\pic\sources\c99\common\doprnt.c
		_read_prec_or_width		CODE           	4B20	0000	168
		_vfpfcnvrt     		CODE           	33F2	0000	610
		_efgtoa        		CODE           	086C	0000	2544
		_pad           		CODE           	4CD8	0000	110
		_dtoa          		CODE           	4260	0000	382
		_vfprintf      		CODE           	4EEC	0000	74

C:\Program Files\Microchip\xc8\v2.46\pic\sources\c99\common\doprnt.c estimated size: 3888

C:\Program Files\Microchip\xc8\v2.46\pic\sources\c99\common\nf_sprintf.c
		_sprintf       		CODE           	4DFE	0000	80

C:\Program Files\Microchip\xc8\v2.46\pic\sources\c99\common\nf_sprintf.c estimated size: 80

C:\Program Files\Microchip\xc8\v2.46\pic\sources\c99\common\fabsf.c
		_fabsf         		CODE           	5120	0000	52

C:\Program Files\Microchip\xc8\v2.46\pic\sources\c99\common\fabsf.c estimated size: 52

C:\Program Files\Microchip\xc8\v2.46\pic\sources\c99\common\atanf.c
		_atanf         		CODE           	125C	0000	1904

C:\Program Files\Microchip\xc8\v2.46\pic\sources\c99\common\atanf.c estimated size: 1904

shared
		_aT1           		SMALLCONST     	0000	0000	0
		_aT2           		SMALLCONST     	0000	0000	0
		_aT3           		SMALLCONST     	0000	0000	0
		_aT4           		SMALLCONST     	0000	0000	0
		_atanhi        		SMALLCONST     	0811	0000	16
		__initialization		CODE           	4E9E	0000	68
		_aT0           		SMALLCONST     	0000	0000	0
		_atanlo        		SMALLCONST     	0801	0000	16

shared estimated size: 100

C:\Program Files\Microchip\xc8\v2.46\pic\sources\c99\common\putch.c
		_putch         		CODE           	52B4	0000	2

C:\Program Files\Microchip\xc8\v2.46\pic\sources\c99\common\putch.c estimated size: 2

C:\Program Files\Microchip\xc8\v2.46\pic\sources\c99\common\Umul16.c
		___wmul        		CODE           	51B8	0000	38

C:\Program Files\Microchip\xc8\v2.46\pic\sources\c99\common\Umul16.c estimated size: 38

C:\Program Files\Microchip\xc8\v2.46\pic\sources\c99\common\nf_fputs.c
		_fputs         		CODE           	4FC2	0000	68

C:\Program Files\Microchip\xc8\v2.46\pic\sources\c99\common\nf_fputs.c estimated size: 68

C:\Program Files\Microchip\xc8\v2.46\pic\sources\c99\common\sprcadd.c
		___flsub       		CODE           	4F7C	0000	70
		___fladd       		CODE           	19CC	0000	1216

C:\Program Files\Microchip\xc8\v2.46\pic\sources\c99\common\sprcadd.c estimated size: 1286

C:\Program Files\Microchip\xc8\v2.46\pic\sources\c99\common\memcpy.c
		_memcpy        		CODE           	4E4E	0000	80

C:\Program Files\Microchip\xc8\v2.46\pic\sources\c99\common\memcpy.c estimated size: 80

C:\Program Files\Microchip\xc8\v2.46\pic\sources\c99\common\labs.c
		_labs          		CODE           	4DA8	0000	86

C:\Program Files\Microchip\xc8\v2.46\pic\sources\c99\common\labs.c estimated size: 86

C:\Program Files\Microchip\xc8\v2.46\pic\sources\c99\common\abs.c
		_abs           		CODE           	50EC	0000	52

C:\Program Files\Microchip\xc8\v2.46\pic\sources\c99\common\abs.c estimated size: 52

C:\Program Files\Microchip\xc8\v2.46\pic\sources\c99\common\awmod.c
		___awmod       		CODE           	49C6	0000	176

C:\Program Files\Microchip\xc8\v2.46\pic\sources\c99\common\awmod.c estimated size: 176

main.c
		_ArmBalancePID 		CODE           	3654	0000	590
		_main          		CODE           	3ED4	0000	472
		_BothWheels    		CODE           	4D46	0000	98
		_WheelBalancePID		CODE           	3118	0000	730
		_initializeCLK 		CODE           	52A2	0000	10
		_ArmMotor      		CODE           	4BC8	0000	156

main.c estimated size: 2056

WheelMPU6050.c
		_WheelMPU6050_Read		CODE           	2DB6	0000	866
		_WheelKalmanFilter		CODE           	3AB8	0000	526
		_calibrate_wheel_gyro		CODE           	5154	0000	50

WheelMPU6050.c estimated size: 1442

C:\Program Files\Microchip\xc8\v2.46\pic\sources\c99\common\sqrtf.c
		_sqrtf         		CODE           	22B6	0000	990

C:\Program Files\Microchip\xc8\v2.46\pic\sources\c99\common\sqrtf.c estimated size: 990

C:\Program Files\Microchip\xc8\v2.46\pic\sources\c99\common\flge.c
		___flge        		CODE           	4636	0000	260

C:\Program Files\Microchip\xc8\v2.46\pic\sources\c99\common\flge.c estimated size: 260

